node.exe : npm verbose cli C:\Program Files\nodejs\node.exe C:\Program Files\nodejs\node_modules\npm\bin\npm-cli.js
At C:\Program Files\nodejs\npx.ps1:29 char:3
+   & $NODE_EXE $NPX_CLI_JS $args
+   ~~~~~~~~~~~~~~~~~~~~~~~~~~~~~
    + CategoryInfo          : NotSpecified: (npm verbose cli...\bin\npm-cli.js:String) [], RemoteException
    + FullyQualifiedErrorId : NativeCommandError
 
npm info using npm@10.9.2
npm info using node@v22.14.0
npm verbose title npm exec vite build
npm verbose argv "exec" "--" "vite" "build"
npm verbose logfile logs-max:10 dir:C:\Users\TRIDNT\AppData\Local\npm-cache\_logs\2026-04-16T06_34_05_685Z-
npm verbose logfile C:\Users\TRIDNT\AppData\Local\npm-cache\_logs\2026-04-16T06_34_05_685Z-debug-0.log
[36mvite v8.0.8 [32mbuilding client environment for production...[36m[39m
[2K
[33m[plugin rolldown:vite-resolve] Module "url" has been externalized for browser compatibility, imported by 
"C:/Users/TRIDNT/Documents/MotivationApp/node_modules/@mlc-ai/web-llm/lib/index.js". See 
https://vite.dev/guide/troubleshooting.html#module-externalized-for-browser-compatibility for more details.[39m
transforming...Γ£ô 43 modules transformed.
rendering chunks...
[31mΓ£ù[39m Build failed in 688ms

PWA v1.2.0
mode      generateSW
precache  9 entries (1236.85 KiB)
files generated
  dist/sw.js
  dist/workbox-b51dd497.js
[31merror during build:
[31mBuild failed with 2 errors:

[31m[MISSING_EXPORT] Error:[0m "TASK_TYPES" is not exported by "src/models/TaskItem.js".
   [38;5;246mΓò¡[0m[38;5;246mΓöÇ[0m[38;5;246m[[0m src/views/OnboardingView.jsx:8:22 [38;5;246m][0m
   [38;5;246mΓöé[0m
 [38;5;246m8 Γöé[0m 
[38;5;249mi[0m[38;5;249mm[0m[38;5;249mp[0m[38;5;249mo[0m[38;5;249mr[0m[38;5;249mt[0m[38;5;249m 
[0m[38;5;249m{[0m[38;5;249m [0m[38;5;249mc[0m[38;5;249mr[0m[38;5;249me[0m[38;5;249ma[0m[38;5;249mt[0m[3
8;5;249me[0m[38;5;249mT[0m[38;5;249ma[0m[38;5;249ms[0m[38;5;249mk[0m[38;5;249m,[0m[38;5;249m 
[0mTASK_TYPES[38;5;249m,[0m[38;5;249m [0m[38;5;249mT[0m[38;5;249mA[0m[38;5;249mS[0m[38;5;249mK[0m[38;5;24
9m_[0m[38;5;249mC[0m[38;5;249mA[0m[38;5;249mT[0m[38;5;249mE[0m[38;5;249mG[0m[38;5;249mO[0m[38;5;249mR[0m
[38;5;249mI[0m[38;5;249mE[0m[38;5;249mS[0m[38;5;249m,[0m[38;5;249m [0m[38;5;249mT[0m[38;5;249mA[0m[38;5;
249mS[0m[38;5;249mK[0m[38;5;249m_[0m[38;5;249mR[0m[38;5;249mA[0m[38;5;249mN[0m[38;5;249mK[0m[38;5;249mS[
0m[38;5;249m [0m[38;5;249m}[0m[38;5;249m 
[0m[38;5;249mf[0m[38;5;249mr[0m[38;5;249mo[0m[38;5;249mm[0m[38;5;249m [0m[38;5;249m"[0m[38;5;249m.[0m[3
8;5;249m.[0m[38;5;249m/[0m[38;5;249mm[0m[38;5;249mo[0m[38;5;249md[0m[38;5;249me[0m[38;5;249ml[0m[38;5;249
ms[0m[38;5;249m/[0m[38;5;249mT[0m[38;5;249ma[0m[38;5;249ms[0m[38;5;249mk[0m[38;5;249mI[0m[38;5;249mt[0m
[38;5;249me[0m[38;5;249mm[0m[38;5;249m"[0m[38;5;249m;[0m
 [38;5;240m  Γöé[0m                      ΓöÇΓöÇΓöÇΓöÇΓöÇΓö¼ΓöÇΓöÇΓöÇΓöÇ  
 [38;5;240m  Γöé[0m                           Γò░ΓöÇΓöÇΓöÇΓöÇΓöÇΓöÇ Missing export
[38;5;246mΓöÇΓöÇΓöÇΓò»[0m

[31m[MISSING_EXPORT] Error:[0m "TASK_TYPES" is not exported by "src/models/TaskItem.js".
   [38;5;246mΓò¡[0m[38;5;246mΓöÇ[0m[38;5;246m[[0m src/components/TaskRow.jsx:2:43 [38;5;246m][0m
   [38;5;246mΓöé[0m
 [38;5;246m2 Γöé[0m 
[38;5;249mi[0m[38;5;249mm[0m[38;5;249mp[0m[38;5;249mo[0m[38;5;249mr[0m[38;5;249mt[0m[38;5;249m 
[0m[38;5;249m{[0m[38;5;249m [0m[38;5;249mC[0m[38;5;249mA[0m[38;5;249mT[0m[38;5;249mE[0m[38;5;249mG[0m[3
8;5;249mO[0m[38;5;249mR[0m[38;5;249mY[0m[38;5;249m_[0m[38;5;249mI[0m[38;5;249mC[0m[38;5;249mO[0m[38;5;249
mN[0m[38;5;249mS[0m[38;5;249m,[0m[38;5;249m [0m[38;5;249mC[0m[38;5;249mA[0m[38;5;249mT[0m[38;5;249mE[0m
[38;5;249mG[0m[38;5;249mO[0m[38;5;249mR[0m[38;5;249mY[0m[38;5;249m_[0m[38;5;249mC[0m[38;5;249mO[0m[38;5;2
49mL[0m[38;5;249mO[0m[38;5;249mR[0m[38;5;249mS[0m[38;5;249m,[0m[38;5;249m [0mTASK_TYPES[38;5;249m 
[0m[38;5;249m}[0m[38;5;249m [0m[38;5;249mf[0m[38;5;249mr[0m[38;5;249mo[0m[38;5;249mm[0m[38;5;249m [0m[3
8;5;249m"[0m[38;5;249m.[0m[38;5;249m.[0m[38;5;249m/[0m[38;5;249mm[0m[38;5;249mo[0m[38;5;249md[0m[38;5;249
me[0m[38;5;249ml[0m[38;5;249ms[0m[38;5;249m/[0m[38;5;249mT[0m[38;5;249ma[0m[38;5;249ms[0m[38;5;249mk[0m
[38;5;249mI[0m[38;5;249mt[0m[38;5;249me[0m[38;5;249mm[0m[38;5;249m"[0m[38;5;249m;[0m
 [38;5;240m  Γöé[0m                                           ΓöÇΓöÇΓöÇΓöÇΓöÇΓö¼ΓöÇΓöÇΓöÇΓöÇ  
 [38;5;240m  Γöé[0m                                                Γò░ΓöÇΓöÇΓöÇΓöÇΓöÇΓöÇ Missing export
[38;5;246mΓöÇΓöÇΓöÇΓò»[0m
[31m
    at aggregateBindingErrorsIntoJsError 
(file:///C:/Users/TRIDNT/Documents/MotivationApp/node_modules/rolldown/dist/shared/error-w0u7biK-.mjs:48:18)
    at unwrapBindingResult 
(file:///C:/Users/TRIDNT/Documents/MotivationApp/node_modules/rolldown/dist/shared/error-w0u7biK-.mjs:18:128)
    at #build 
(file:///C:/Users/TRIDNT/Documents/MotivationApp/node_modules/rolldown/dist/shared/rolldown-build-DtGk-m96.mjs:3313:34)
    at async buildEnvironment 
(file:///C:/Users/TRIDNT/Documents/MotivationApp/node_modules/vite/dist/node/chunks/node.js:32954:64)
    at async Object.build 
(file:///C:/Users/TRIDNT/Documents/MotivationApp/node_modules/vite/dist/node/chunks/node.js:33376:19)
    at async Object.buildApp 
(file:///C:/Users/TRIDNT/Documents/MotivationApp/node_modules/vite/dist/node/chunks/node.js:33373:153)
    at async CAC.<anonymous> 
(file:///C:/Users/TRIDNT/Documents/MotivationApp/node_modules/vite/dist/node/cli.js:778:3) {
  errors: [Getter/Setter]
}[39m
npm verbose cwd C:\Users\TRIDNT\Documents\MotivationApp
npm verbose os Windows_NT 10.0.26200
npm verbose node v22.14.0
npm verbose npm  v10.9.2
npm verbose exit 1
npm verbose code 1
